yay -S --noconfirm --needed 7zip
yay -S --noconfirm --needed acpi
yay -S --noconfirm --needed adobe-source-code-pro-fonts
yay -S --noconfirm --needed adw-gtk-theme-git
yay -S --noconfirm --needed alacritty
yay -S --noconfirm --needed amd-ucode
yay -S --noconfirm --needed amdvlk
yay -S --noconfirm --needed antimicrox
yay -S --noconfirm --needed appimagelauncher
yay -S --noconfirm --needed arc-gtk-theme
yay -S --noconfirm --needed arch-install-scripts
yay -S --noconfirm --needed archlinux-keyring
yay -S --noconfirm --needed ardour
yay -S --noconfirm --needed ark
yay -S --noconfirm --needed asusctl
yay -S --noconfirm --needed audacious
yay -S --noconfirm --needed audacity
yay -S --noconfirm --needed autotiling
yay -S --noconfirm --needed axel
yay -S --noconfirm --needed aylurs-gtk-shell
yay -S --noconfirm --needed azote
yay -S --noconfirm --needed base
yay -S --noconfirm --needed base-devel
yay -S --noconfirm --needed bash-completion
yay -S --noconfirm --needed bat
yay -S --noconfirm --needed batsignal
yay -S --noconfirm --needed bc
yay -S --noconfirm --needed bibata-cursor-theme
yay -S --noconfirm --needed bibata-cursor-theme-bin
yay -S --noconfirm --needed blender
yay -S --noconfirm --needed bluedevil
yay -S --noconfirm --needed blueman
yay -S --noconfirm --needed bluez
yay -S --noconfirm --needed bluez-utils
yay -S --noconfirm --needed bootconfig
yay -S --noconfirm --needed brave-bin
yay -S --noconfirm --needed breeze
yay -S --noconfirm --needed breeze-plus
yay -S --noconfirm --needed brightnessctl
yay -S --noconfirm --needed btop
yay -S --noconfirm --needed build
yay -S --noconfirm --needed bzip3
yay -S --noconfirm --needed cairomm
yay -S --noconfirm --needed cava
yay -S --noconfirm --needed celluloid
yay -S --noconfirm --needed chaotic-keyring
yay -S --noconfirm --needed chaotic-mirrorlist
yay -S --noconfirm --needed clang
yay -S --noconfirm --needed click
yay -S --noconfirm --needed cliphist
yay -S --noconfirm --needed cmake
yay -S --noconfirm --needed cmus
yay -S --noconfirm --needed code
yay -S --noconfirm --needed corectrl
yay -S --noconfirm --needed coreutils
yay -S --noconfirm --needed cups
yay -S --noconfirm --needed cups-pdf
yay -S --noconfirm --needed curl
yay -S --noconfirm --needed darkly-bin
yay -S --noconfirm --needed darktable
yay -S --noconfirm --needed ddcutil
yay -S --noconfirm --needed dhcpcd
yay -S --noconfirm --needed dialog
yay -S --noconfirm --needed digikam
yay -S --noconfirm --needed discord
yay -S --noconfirm --needed docker
yay -S --noconfirm --needed docker-compose
yay -S --noconfirm --needed dosfstools
yay -S --noconfirm --needed dracula-grub-theme-git
yay -S --noconfirm --needed dunst
yay -S --noconfirm --needed dxvk-bin
yay -S --noconfirm --needed efibootmgr
yay -S --noconfirm --needed efitools
yay -S --noconfirm --needed engrampa
yay -S --noconfirm --needed eww
yay -S --noconfirm --needed exfat-utils
yay -S --noconfirm --needed exfatprogs
yay -S --noconfirm --needed eza
yay -S --noconfirm --needed fancontrol-gui
yay -S --noconfirm --needed fastfetch
yay -S --noconfirm --needed fd
yay -S --noconfirm --needed ffmpeg
yay -S --noconfirm --needed ffmpegthumbnailer
yay -S --noconfirm --needed findutils
yay -S --noconfirm --needed firefox
yay -S --noconfirm --needed fish
yay -S --noconfirm --needed flameshot
yay -S --noconfirm --needed flatpak
yay -S --noconfirm --needed fontconfig
yay -S --noconfirm --needed foomatic-db
yay -S --noconfirm --needed foomatic-db-engine
yay -S --noconfirm --needed foot
yay -S --noconfirm --needed fswatch
yay -S --noconfirm --needed fuzzel
yay -S --noconfirm --needed fzf
yay -S --noconfirm --needed gamemode
yay -S --noconfirm --needed gamescope
yay -S --noconfirm --needed gedit
yay -S --noconfirm --needed geoclue
yay -S --noconfirm --needed gimp
yay -S --noconfirm --needed git
yay -S --noconfirm --needed github-cli
yay -S --noconfirm --needed github-desktop
yay -S --noconfirm --needed github-desktop-bi
yay -S --noconfirm --needed gjs
yay -S --noconfirm --needed glib2-devel
yay -S --noconfirm --needed gnome-disk-utility
yay -S --noconfirm --needed gnome-firmware
yay -S --noconfirm --needed gnome-keyring
yay -S --noconfirm --needed gnome-system-monitor
yay -S --noconfirm --needed gnome-themes-extra
yay -S --noconfirm --needed go
yay -S --noconfirm --needed gobject-introspection
yay -S --noconfirm --needed google-chrome
yay -S --noconfirm --needed gopsuinfo
yay -S --noconfirm --needed goverlay
yay -S --noconfirm --needed gparted
yay -S --noconfirm --needed granite7
yay -S --noconfirm --needed greetd
yay -S --noconfirm --needed grim
yay -S --noconfirm --needed grub
yay -S --noconfirm --needed grub-hook
yay -S --noconfirm --needed grub-theme-vimix
yay -S --noconfirm --needed gruvbox-dark-icons-gtk
yay -S --noconfirm --needed gst-libav
yay -S --noconfirm --needed gst-plugin-pipewire
yay -S --noconfirm --needed gst-plugin-va
yay -S --noconfirm --needed gst-plugins-bad
yay -S --noconfirm --needed gst-plugins-base-libs
yay -S --noconfirm --needed gst-plugins-ugly
yay -S --noconfirm --needed gstreamer-meta
yay -S --noconfirm --needed gtk-engine-murrine
yay -S --noconfirm --needed gtk-layer-shell
yay -S --noconfirm --needed gtk-session-lock
yay -S --noconfirm --needed gtk2
yay -S --noconfirm --needed gtk3
yay -S --noconfirm --needed gtk4
yay -S --noconfirm --needed gtklock
yay -S --noconfirm --needed gtklock-playerctl-module
yay -S --noconfirm --needed gtklock-powerbar-module
yay -S --noconfirm --needed gtklock-userinfo-module
yay -S --noconfirm --needed gtkmm3
yay -S --noconfirm --needed gtksourceviewmm
yay -S --noconfirm --needed gufw
yay -S --noconfirm --needed gum
yay -S --noconfirm --needed gvfs
yay -S --noconfirm --needed gvfs-mtp
yay -S --noconfirm --needed gvfs-smb
yay -S --noconfirm --needed handbrake
yay -S --noconfirm --needed heroic-games-launcher-bin
yay -S --noconfirm --needed htop
yay -S --noconfirm --needed hyperv
yay -S --noconfirm --needed hyprcursor
yay -S --noconfirm --needed hypridle
yay -S --noconfirm --needed hyprland
yay -S --noconfirm --needed hyprland-qt-support
yay -S --noconfirm --needed hyprland-qtutils
yay -S --noconfirm --needed hyprlang
yay -S --noconfirm --needed hyprlock
yay -S --noconfirm --needed hyprpanel
yay -S --noconfirm --needed hyprpaper
yay -S --noconfirm --needed hyprpicker
yay -S --noconfirm --needed hyprpolkitagent
yay -S --noconfirm --needed hyprprop-git
yay -S --noconfirm --needed hyprshade
yay -S --noconfirm --needed hyprshot
yay -S --noconfirm --needed hyprsunset
yay -S --noconfirm --needed hyprutils
yay -S --noconfirm --needed hyprwayland-scanner
yay -S --noconfirm --needed imagemagick
yay -S --noconfirm --needed inkscape
yay -S --noconfirm --needed inotify-tools
yay -S --noconfirm --needed intel-ucode
yay -S --noconfirm --needed intellij-idea-community-edition
yay -S --noconfirm --needed inxi
yay -S --noconfirm --needed iwd
yay -S --noconfirm --needed jq
yay -S --noconfirm --needed kate
yay -S --noconfirm --needed kde-material-you-colors
yay -S --noconfirm --needed kdenlive
yay -S --noconfirm --needed kdialog
yay -S --noconfirm --needed keepassxc
yay -S --noconfirm --needed kitty
yay -S --noconfirm --needed konsole
yay -S --noconfirm --needed krita
yay -S --noconfirm --needed kvantum
yay -S --noconfirm --needed lact
yay -S --noconfirm --needed lib32-amdvlk
yay -S --noconfirm --needed lib32-gamemode
yay -S --noconfirm --needed lib32-libva-mesa-driver
yay -S --noconfirm --needed lib32-mangohud
yay -S --noconfirm --needed lib32-mesa
yay -S --noconfirm --needed lib32-mesa-vdpau
yay -S --noconfirm --needed lib32-pipewire
yay -S --noconfirm --needed lib32-pipewire-jack
yay -S --noconfirm --needed lib32-vkd3d
yay -S --noconfirm --needed lib32-vulkan-icd-loader
yay -S --noconfirm --needed lib32-vulkan-radeon
yay -S --noconfirm --needed libadwaita
yay -S --noconfirm --needed libappindicator-gtk3
yay -S --noconfirm --needed libdbusmenu-gtk3
yay -S --noconfirm --needed libnma
yay -S --noconfirm --needed libportal-gtk4
yay -S --noconfirm --needed libsass
yay -S --noconfirm --needed libsoup3
yay -S --noconfirm --needed libspng
yay -S --noconfirm --needed libva-mesa-driver
yay -S --noconfirm --needed light
yay -S --noconfirm --needed linutil
yay -S --noconfirm --needed linux-firmware
yay -S --noconfirm --needed linux-lts
yay -S --noconfirm --needed lm_sensors
yay -S --noconfirm --needed lmms
yay -S --noconfirm --needed loguru
yay -S --noconfirm --needed loupe
yay -S --noconfirm --needed lsd
yay -S --noconfirm --needed lutris
yay -S --noconfirm --needed mako
yay -S --noconfirm --needed mangohud
yay -S --noconfirm --needed material-color-utilities
yay -S --noconfirm --needed materialyoucolor
yay -S --noconfirm --needed matugen-bin
yay -S --noconfirm --needed mcfly
yay -S --noconfirm --needed meld
yay -S --noconfirm --needed mercurial
yay -S --noconfirm --needed mesa
yay -S --noconfirm --needed mesa-vdpau
yay -S --noconfirm --needed meson
yay -S --noconfirm --needed micro
yay -S --noconfirm --needed mkinitcpio-nfs-utils
yay -S --noconfirm --needed mkinitcpio-numlock
yay -S --noconfirm --needed mousepad
yay -S --noconfirm --needed mpc
yay -S --noconfirm --needed mpd
yay -S --noconfirm --needed mplayer
yay -S --noconfirm --needed mpv
yay -S --noconfirm --needed mpv-mpris
yay -S --noconfirm --needed mtools
yay -S --noconfirm --needed multitail
yay -S --noconfirm --needed nano
yay -S --noconfirm --needed nano-syntax-highlighting
yay -S --noconfirm --needed ncdu
yay -S --noconfirm --needed ncmpcpp
yay -S --noconfirm --needed neofetch
yay -S --noconfirm --needed neovim
yay -S --noconfirm --needed network-manager-applet
yay -S --noconfirm --needed networkmanager
yay -S --noconfirm --needed nfs-utils
yay -S --noconfirm --needed nodejs
yay -S --noconfirm --needed noto-fonts
yay -S --noconfirm --needed noto-fonts-cjk
yay -S --noconfirm --needed noto-fonts-emoji
yay -S --noconfirm --needed noto-fonts-extra
yay -S --noconfirm --needed npm
yay -S --noconfirm --needed ntfs-3g
yay -S --noconfirm --needed ntp
yay -S --noconfirm --needed numlockx
yay -S --noconfirm --needed nvtop
yay -S --noconfirm --needed nwg-clipman
yay -S --noconfirm --needed nwg-displays
yay -S --noconfirm --needed nwg-dock-hyprland
yay -S --noconfirm --needed nwg-drawer
yay -S --noconfirm --needed nwg-launchers
yay -S --noconfirm --needed nwg-look
yay -S --noconfirm --needed obs-cli
yay -S --noconfirm --needed octopi
yay -S --noconfirm --needed oh-my-zsh-git
yay -S --noconfirm --needed openshot
yay -S --noconfirm --needed os-prober
yay -S --noconfirm --needed otf-font-awesome
yay -S --noconfirm --needed otf-space-grotesk
yay -S --noconfirm --needed pace
yay -S --noconfirm --needed pacman-contrib
yay -S --noconfirm --needed pacseek
yay -S --noconfirm --needed pamixer
yay -S --noconfirm --needed papirus-icon-theme
yay -S --noconfirm --needed papirus-icon-theme-git
yay -S --noconfirm --needed partitionmanager
yay -S --noconfirm --needed paru
yay -S --noconfirm --needed pass
yay -S --noconfirm --needed pavucontrol
yay -S --noconfirm --needed pavucontrol-qt
yay -S --noconfirm --needed pillow
yay -S --noconfirm --needed pipewire
yay -S --noconfirm --needed pipewire-alsa
yay -S --noconfirm --needed pipewire-audio
yay -S --noconfirm --needed pipewire-jack
yay -S --noconfirm --needed pipewire-pulse
yay -S --noconfirm --needed plasma-nm
yay -S --noconfirm --needed playerctl
yay -S --noconfirm --needed plymouth
yay -S --noconfirm --needed polkit-gnome
yay -S --noconfirm --needed polkit-kde-agent
yay -S --noconfirm --needed power-profiles-daemon
yay -S --noconfirm --needed printer-support
yay -S --noconfirm --needed profile-sync-daemon
yay -S --noconfirm --needed psutil
yay -S --noconfirm --needed pv
yay -S --noconfirm --needed pycairo
yay -S --noconfirm --needed pychess
yay -S --noconfirm --needed pygobject
yay -S --noconfirm --needed python
yay -S --noconfirm --needed python-dasbus
yay -S --noconfirm --needed python-docutils
yay -S --noconfirm --needed python-geographiclib
yay -S --noconfirm --needed python-geopy
yay -S --noconfirm --needed python-markdown2
yay -S --noconfirm --needed python-netifaces
yay -S --noconfirm --needed python-opencv
yay -S --noconfirm --needed python-pip
yay -S --noconfirm --needed python-pyquery
yay -S --noconfirm --needed python-pywalfox
yay -S --noconfirm --needed python-requests
yay -S --noconfirm --needed python-terminaltexteffects
yay -S --noconfirm --needed python-tkintertools
yay -S --noconfirm --needed python-watchdog
yay -S --noconfirm --needed pywal
yay -S --noconfirm --needed pywayland
yay -S --noconfirm --needed qalculate-gtk
yay -S --noconfirm --needed qt5-graphicaleffects
yay -S --noconfirm --needed qt5-quickcontrols2
yay -S --noconfirm --needed qt5-svg
yay -S --noconfirm --needed qt5ct
yay -S --noconfirm --needed qt6-5compat
yay -S --noconfirm --needed qt6-avif-image-plugin
yay -S --noconfirm --needed qt6-base
yay -S --noconfirm --needed qt6-declarative
yay -S --noconfirm --needed qt6-imageformats
yay -S --noconfirm --needed qt6-multimedia
yay -S --noconfirm --needed qt6-multimedia-ffmpeg
yay -S --noconfirm --needed qt6-positioning
yay -S --noconfirm --needed qt6-quicktimeline
yay -S --noconfirm --needed qt6-sensors
yay -S --noconfirm --needed qt6-svg
yay -S --noconfirm --needed qt6-tools
yay -S --noconfirm --needed qt6-translations
yay -S --noconfirm --needed qt6-virtualkeyboard
yay -S --noconfirm --needed qt6-wayland
yay -S --noconfirm --needed qt6ct
yay -S --noconfirm --needed quickshell
yay -S --noconfirm --needed quickshell-git
yay -S --noconfirm --needed radeon-profile-daemon-git
yay -S --noconfirm --needed radeon-profile-git
yay -S --noconfirm --needed radeontop
yay -S --noconfirm --needed ranger
yay -S --noconfirm --needed rate-mirrors-bin
yay -S --noconfirm --needed rawtherapee
yay -S --noconfirm --needed rclone
yay -S --noconfirm --needed reflector
yay -S --noconfirm --needed ripgrep
yay -S --noconfirm --needed rocm-hip-runtime
yay -S --noconfirm --needed rocm-opencl-runtime
yay -S --noconfirm --needed rofi-wayland
yay -S --noconfirm --needed rog-control-center
yay -S --noconfirm --needed rosegarden
yay -S --noconfirm --needed rsync
yay -S --noconfirm --needed rustup
yay -S --noconfirm --needed sassc
yay -S --noconfirm --needed satty
yay -S --noconfirm --needed screen
yay -S --noconfirm --needed sddm
yay -S --noconfirm --needed sddm-sugar-candy-git
yay -S --noconfirm --needed sddm-sugar-candy-theme
yay -S --noconfirm --needed seahorse
yay -S --noconfirm --needed setproctitle
yay -S --noconfirm --needed setuptools-scm
yay -S --noconfirm --needed shotwell
yay -S --noconfirm --needed signal-desktop
yay -S --noconfirm --needed slurp
yay -S --noconfirm --needed sof-firmware
yay -S --noconfirm --needed spicetify-cli
yay -S --noconfirm --needed spoofdpi
yay -S --noconfirm --needed spotify
yay -S --noconfirm --needed spotify-launcher
yay -S --noconfirm --needed starship
yay -S --noconfirm --needed steam
yay -S --noconfirm --needed steam-native
yay -S --noconfirm --needed steamtinkerlaunch
yay -S --noconfirm --needed supergfxctl
yay -S --noconfirm --needed swappy
yay -S --noconfirm --needed swaybg
yay -S --noconfirm --needed swayidle
yay -S --noconfirm --needed swaylock-effects
yay -S --noconfirm --needed swaync
yay -S --noconfirm --needed sweet-dark-theme-git
yay -S --noconfirm --needed swww
yay -S --noconfirm --needed syntax-highlighting
yay -S --noconfirm --needed systemsettings
yay -S --noconfirm --needed teams
yay -S --noconfirm --needed telegram-desktop
yay -S --noconfirm --needed tesseract
yay -S --noconfirm --needed tesseract-data-eng
yay -S --noconfirm --needed thunar
yay -S --noconfirm --needed thunar-archive-plugin
yay -S --noconfirm --needed thunar-media-tags-plugin
yay -S --noconfirm --needed thunar-shares-plugin
yay -S --noconfirm --needed thunar-vcs-plugin
yay -S --noconfirm --needed thunar-volman
yay -S --noconfirm --needed thunderbird
yay -S --noconfirm --needed tinyxml2
yay -S --noconfirm --needed tk
yay -S --noconfirm --needed tldr
yay -S --noconfirm --needed tmux
yay -S --noconfirm --needed tqdm
yay -S --noconfirm --needed translate-shell
yay -S --noconfirm --needed trash-cli
yay -S --noconfirm --needed tree
yay -S --noconfirm --needed ttf-droid
yay -S --noconfirm --needed ttf-fantasque-nerd
yay -S --noconfirm --needed ttf-fira-code
yay -S --noconfirm --needed ttf-font-awesome
yay -S --noconfirm --needed ttf-gabarito-git
yay -S --noconfirm --needed ttf-jetbrains-mono
yay -S --noconfirm --needed ttf-jetbrains-mono-nerd
yay -S --noconfirm --needed ttf-liberation
yay -S --noconfirm --needed ttf-material-symbols-variable-git
yay -S --noconfirm --needed ttf-meslo-nerd-font-powerlevel10k
yay -S --noconfirm --needed ttf-nerd-fonts-symbols
yay -S --noconfirm --needed ttf-readex-pro
yay -S --noconfirm --needed ttf-rubik-vf
yay -S --noconfirm --needed ttf-twemoji
yay -S --noconfirm --needed ttf-victor-mono
yay -S --noconfirm --needed tumbler
yay -S --noconfirm --needed typescript
yay -S --noconfirm --needed udiskie
yay -S --noconfirm --needed ufw
yay -S --noconfirm --needed ufw-docker
yay -S --noconfirm --needed umockdev
yay -S --noconfirm --needed unace
yay -S --noconfirm --needed unarchiver
yay -S --noconfirm --needed unarj
yay -S --noconfirm --needed unrar
yay -S --noconfirm --needed unzip
yay -S --noconfirm --needed update-grub
yay -S --noconfirm --needed upower
yay -S --noconfirm --needed util-linux
yay -S --noconfirm --needed uv
yay -S --noconfirm --needed viewnior
yay -S --noconfirm --needed vkbasalt
yay -S --noconfirm --needed vkd3d
yay -S --noconfirm --needed vlc
yay -S --noconfirm --needed vulkan-icd-loader
yay -S --noconfirm --needed vulkan-mesa-layers
yay -S --noconfirm --needed vulkan-radeon
yay -S --noconfirm --needed vulkan-tools
yay -S --noconfirm --needed walker-bin
yay -S --noconfirm --needed wallust
yay -S --noconfirm --needed waybar
yay -S --noconfirm --needed waybar-module-pacman-updates-git
yay -S --noconfirm --needed waypaper
yay -S --noconfirm --needed webcord-bin
yay -S --noconfirm --needed wf-recorder
yay -S --noconfirm --needed wget
yay -S --noconfirm --needed wheel
yay -S --noconfirm --needed wine-staging
yay -S --noconfirm --needed winetricks
yay -S --noconfirm --needed wireplumber
yay -S --noconfirm --needed wl-clipboard
yay -S --noconfirm --needed wlogout
yay -S --noconfirm --needed woff2-font-awesome
yay -S --noconfirm --needed wofi
yay -S --noconfirm --needed wtype
yay -S --noconfirm --needed xarchiver
yay -S --noconfirm --needed xclip
yay -S --noconfirm --needed xdg-desktop-portal
yay -S --noconfirm --needed xdg-desktop-portal-gtk
yay -S --noconfirm --needed xdg-desktop-portal-hyprland
yay -S --noconfirm --needed xdg-desktop-portal-kde
yay -S --noconfirm --needed xdg-user-dirs
yay -S --noconfirm --needed xdg-utils
yay -S --noconfirm --needed xf86-video-amdgpu
yay -S --noconfirm --needed xfce4-terminal
yay -S --noconfirm --needed xorg-xinit
yay -S --noconfirm --needed xorg-xinput
yay -S --noconfirm --needed yad
yay -S --noconfirm --needed yaru-icon-theme
yay -S --noconfirm --needed yay-bin
yay -S --noconfirm --needed yay-bin-debug
yay -S --noconfirm --needed yazi
yay -S --noconfirm --needed ydotool
yay -S --noconfirm --needed yt-dlp
yay -S --noconfirm --needed zathura
yay -S --noconfirm --needed zathura-pdf-mupdf
yay -S --noconfirm --needed zen-browser-bin
yay -S --noconfirm --needed zoom
yay -S --noconfirm --needed zram-generator
yay -S --noconfirm --needed zsh
yay -S --noconfirm --needed zsh-autocomplete
yay -S --noconfirm --needed zsh-autosuggestions
yay -S --noconfirm --needed zsh-completions
yay -S --noconfirm --needed zsh-syntax-highlighting
yay -S --noconfirm --needed zsh-theme-powerlevel10k-git
yay -S --noconfirm --needed bibata-cursor-theme-bin
yay -S --noconfirm --needed blueman
yay -S --noconfirm --needed brightnessctl
yay -S --noconfirm --needed btop
yay -S --noconfirm --needed checkupdates-with-aur
yay -S --noconfirm --needed fastfetch
yay -S --noconfirm --needed ffmpegthumbnailer
yay -S --noconfirm --needed firefox
yay -S --noconfirm --needed galculator
yay -S --noconfirm --needed github-desktop-plus-bin
yay -S --noconfirm --needed gnome-keyring
yay -S --noconfirm --needed gvfs
yay -S --noconfirm --needed hypridle
yay -S --noconfirm --needed hyprlock
yay -S --noconfirm --needed hyprpicker
yay -S --noconfirm --needed hyprshot
yay -S --noconfirm --needed hyprsunset
yay -S --noconfirm --needed lsd
yay -S --noconfirm --needed materia-gtk-theme
yay -S --noconfirm --needed mpv
yay -S --noconfirm --needed neovim
yay -S --noconfirm --needed networkmanager
yay -S --noconfirm --needed nm-connection-editor
yay -S --noconfirm --needed noto-fonts
yay -S --noconfirm --needed noto-fonts-cjk
yay -S --noconfirm --needed noto-fonts-emoji
yay -S --noconfirm --needed noto-fonts-extra
yay -S --noconfirm --needed nwg-look
yay -S --noconfirm --needed papirus-icon-theme
yay -S --noconfirm --needed pavucontrol
yay -S --noconfirm --needed plymouth
yay -S --noconfirm --needed power-profiles-daemon
yay -S --noconfirm --needed python-pywal16
yay -S --noconfirm --needed python-pywalfox
yay -S --noconfirm --needed qview
yay -S --noconfirm --needed ripgrep
yay -S --noconfirm --needed spotify-launcher
yay -S --noconfirm --needed starship
yay -S --noconfirm --needed swaync
yay -S --noconfirm --needed swww
yay -S --noconfirm --needed tar
yay -S --noconfirm --needed thefuck
yay -S --noconfirm --needed thunar
yay -S --noconfirm --needed ttf-jetbrains-mono-nerd
yay -S --noconfirm --needed tumbler
yay -S --noconfirm --needed visual-studio-code-bin
yay -S --noconfirm --needed waybar
yay -S --noconfirm --needed waypaper
yay -S --noconfirm --needed wf-recorder
yay -S --noconfirm --needed wlogout
yay -S --noconfirm --needed wofi
yay -S --noconfirm --needed xdg-desktop-portal-gtk
yay -S --noconfirm --needed xdg-desktop-portal-hyprland
yay -S --noconfirm --needed zsh
flatpak install flathub app.drey.Warp com.github.Matoking.protontricks com.heroicgameslauncher.hgl com.obsproject.Studio com.rtosta.zapzap com.vivaldi.Vivaldi com.vysp3r.ProtonPlus im.riot.Riot io.github.Faugus.faugus-launcher io.github.fastrizwaan.WineZGUI me.proton.Pass net.davidotek.pupgui2 org.dupot.easyflatpak org.gnome.FileRoller org.gnome.Loupe org.gnome.TextEditor org.telegram.desktop --assumeyes  --or-update --system

sudo pacman -Syu && sudo pacman -Scc && fc-cache -fv
