
7zip
acpi
adobe-source-code-pro-fonts
adw-gtk-theme-git
alacritty
amd-ucode
amdgpu-fancontrol-git
amdvlk
antimicrox
appimagelauncher
arc-gtk-theme
arch-install-scripts
archlinux-keyring
ardour
ark
asusctl
audacious
audacity
auto-cpufreq
autotiling
axel
aylurs-gtk-shell
azote
base
base-devel
bash-completion
bat
batsignal
bc
bibata-cursor-theme
bibata-cursor-theme-bin
blender
bluedevil
blueman
bluez
bluez-utils
bootconfig
brave-bin
breeze
breeze-plus
brightnessctl
btop
build
bzip3
cachyos-kernel-manager
cachyos-keyring
cachyos-mirrorlist
cachyos-v3-mirrorlist
cachyos-v4-mirrorlist
cairomm
cava
celluloid
chaotic-keyring
chaotic-mirrorlist
checkupdates-with-aur
chrony
clang
click
cliphist
cmake
cmus
code
corectrl
coreutils
crudini
cups
cups-pdf
curl
darkly-bin
darktable
ddcutil
dhcpcd
dialog
digikam
discord
docker
docker-compose
dosfstools
dracula-grub-theme-git
dunst
dxvk-bin
efibootmgr
efitools
engrampa
eww
exfat-utils
exfatprogs
eza
fancontrol-gui
fastfetch
fd
ffmpeg
ffmpegthumbnailer
figlet
file-roller
findutils
firefox
fish
flameshot
flatpak
fontconfig
foomatic-db
foomatic-db-engine
foot
fswatch
fuse2fs
fuzzel
fzf
galculator
gamemode
gamescope
gdb
gedit
geoclue
gimp
git
github-cli
github-desktop
github-desktop-bi
github-desktop-plus-bin
gjs
glib2-devel
gnome-disk-utility
gnome-firmware
gnome-keyring
gnome-system-monitor
gnome-themes-extra
go
gobject-introspection
google-chrome
gopsuinfo
goverlay
gparted
granite7
greetd
grim
grimblast-git
grub
grub-hook
grub-theme-vimix
gruvbox-dark-icons-gtk
gst-libav
gst-plugin-pipewire
gst-plugin-va
gst-plugins-bad
gst-plugins-base-libs
gst-plugins-ugly
gstreamer-meta
gtk-engine-murrine
gtk-layer-shell
gtk-session-lock
gtk2
gtk3
gtk4
gtklock
gtklock-playerctl-module
gtklock-powerbar-module
gtklock-userinfo-module
gtkmm3
gtksourceviewmm
gufw
gum
gvfs
gvfs-mtp
gvfs-smb
gwenview
handbrake
helvum
heroic-games-launcher-bin
hplip
hsetroot
htop
hugin
hyperv
hyprcursor
hypridle
hyprland
hyprland-qt-support
hyprland-qtutils
hyprlang
hyprlock
hyprpanel
hyprpaper
hyprpicker
hyprpolkitagent
hyprprop-git
hyprshade
hyprshot
hyprsunset
hyprutils
hyprwayland-scanner
imagemagick
inkscape
inotify-tools
intel-ucode
intellij-idea-community-edition
inxi
iwd
jq
kate
kde-material-you-colors
kdenlive
kdialog
keepassxc
kitty
konsole
krita
kvantum
kvantum-qt5
lact
less
lib32-amdvlk
lib32-gamemode
lib32-libva-mesa-driver
lib32-mangohud
lib32-mesa
lib32-mesa-vdpau
lib32-pipewire
lib32-pipewire-jack
lib32-vkd3d
lib32-vulkan-icd-loader
lib32-vulkan-radeon
libadwaita
libappindicator-gtk3
libdbusmenu-gtk3
libnma
libportal-gtk4
libsass
libsoup3
libspng
libva-mesa-driver
light
linutil
linux-cachyos-lts
linux-cachyos-lts-headers
linux-firmware
linux-lts
lm_sensors
lmms
loguru
loupe
lsd
lutris
lxappearance
mako
mangohud
materia-gtk-theme
material-color-utilities
materialyoucolor
matugen-bin
mcfly
meld
mercurial
mesa
mesa-vdpau
meson
micro
mkinitcpio-nfs-utils
mkinitcpio-numlock
mousepad
mpc
mpd
mplayer
mpv
mpv-mpris
mtools
multitail
nano
nano-syntax-highlighting
ncdu
ncmpcpp
nemo
nemo-fileroller
neofetch
neovim
network-manager-applet
networkmanager
nfs-utils
nm-connection-editor
nodejs
noto-fonts
noto-fonts-cjk
noto-fonts-emoji
noto-fonts-extra
npm
ntfix-git
ntfs-3g
ntfsfixboot
ntp
numlockx
nvtop
nwg-clipman
nwg-displays
nwg-dock
nwg-dock-hyprland
nwg-drawer
nwg-launchers
nwg-look
obs-cli
octopi
oh-my-zsh-git
okular
openshot
os-prober
otf-font-awesome
otf-space-grotesk
pace
pacman-contrib
pacseek
pamixer
papirus-icon-theme
papirus-icon-theme-git
parallel
partitionmanager
paru
pass
pavucontrol
pavucontrol-qt
pillow
pipewire
pipewire-alsa
pipewire-audio
pipewire-jack
pipewire-pulse
plasma-nm
playerctl
plymouth
plymouth-theme-arch-charge
polkit-gnome
polkit-kde-agent
power-profiles-daemon
printer-support
profile-sync-daemon
proton-ge-custom-bin
psutil
pv
pycairo
pychess
pygobject
pyprland
python
python-dasbus
python-docutils
python-geographiclib
python-geopy
python-markdown2
python-netifaces
python-opencv
python-pip
python-pyquery
python-pywal16
python-pywalfox
python-requests
python-terminaltexteffects
python-tkintertools
python-watchdog
pywal
pywayland
qalculate-gtk
qt5-graphicaleffects
qt5-quickcontrols2
qt5-svg
qt5ct
qt6-5compat
qt6-avif-image-plugin
qt6-base
qt6-declarative
qt6-imageformats
qt6-multimedia
qt6-multimedia-ffmpeg
qt6-positioning
qt6-quicktimeline
qt6-sensors
qt6-svg
qt6-tools
qt6-translations
qt6-virtualkeyboard
qt6-wayland
qt6ct
quickshell
quickshell-git
qview
radeon-profile-daemon-git
radeon-profile-git
radeontop
ranger
rate-mirrors-bin
rawtherapee
rclone
reflector
ripgrep
rocm-hip-runtime
rocm-opencl-runtime
rofi-bluetooth-git
rofi-wayland
rog-control-center
rosegarden
rsync
rustup
sassc
satty
screen
sddm
sddm-sugar-candy-git
sddm-sugar-candy-theme
seahorse
setproctitle
setuptools-scm
shotwell
signal-desktop
simple-scan
slurp
sof-firmware
spicetify-cli
spoofdpi
spotify
spotify-launcher
starship
steam
steam-native
steamtinkerlaunch
supergfxctl
swappy
swaybg
swayidle
swaylock-effects
swaync
sweet-dark-theme-git
swww
syntax-highlighting
systemsettings
tar
teams
telegram-desktop
tesseract
tesseract-data-eng
thefuck
thermald
thunar
thunar-archive-plugin
thunar-media-tags-plugin
thunar-shares-plugin
thunar-vcs-plugin
thunar-volman
thunderbird
tinyxml2
tk
tldr
tmux
tokyonight-gtk-theme-git
tqdm
translate-shell
trash-cli
tree
ttf-cascadia-code-nerd
ttf-dejavu
ttf-droid
ttf-fantasque-nerd
ttf-fira-code
ttf-font-awesome
ttf-gabarito-git
ttf-jetbrains-mono
ttf-jetbrains-mono-nerd
ttf-liberation
ttf-material-symbols-variable-git
ttf-meslo-nerd
ttf-meslo-nerd-font-powerlevel10k
ttf-nerd-fonts-symbols
ttf-readex-pro
ttf-rubik-vf
ttf-twemoji
ttf-victor-mono
tty-clock
tumbler
typescript
udiskie
ufw
ufw-docker
umockdev
unace
unarchiver
unarj
unrar
unzip
update-grub
upower
util-linux
uv
valgrind
viewnior
visual-studio-code-bin
vkbasalt
vkd3d
vlc
vulkan-icd-loader
vulkan-mesa-layers
vulkan-radeon
vulkan-tools
walker-bin
wallust
waybar
waybar-module-pacman-updates-git
waypaper
webcord-bin
wf-recorder
wget
wheel
wine-staging
winetricks
wireplumber
wl-clipboard
wlogout
woff2-font-awesome
wofi
wtype
xarchiver
xclip
xdg-desktop-portal
xdg-desktop-portal-gtk
xdg-desktop-portal-hyprland
xdg-desktop-portal-kde
xdg-user-dirs
xdg-utils
xf86-video-amdgpu
xfce4-terminal
xorg-xinit
xorg-xinput
yad
yaru-icon-theme
yay-bin
yay-bin-debug
yazi
ydotool
yt-dlp
zathura
zathura-pdf-mupdf
zen-browser-bin
zip
zoom
zoxide
zram-generator
zsh
zsh-autocomplete
zsh-autosuggestions
zsh-completions
zsh-syntax-highlighting
zsh-theme-powerlevel10k-git
flatpak install flathub app.drey.Warp com.github.Matoking.protontricks com.heroicgameslauncher.hgl com.obsproject.Studio com.rtosta.zapzap com.vivaldi.Vivaldi com.vysp3r.ProtonPlus im.riot.Riot io.github.Faugus.faugus-launcher io.github.fastrizwaan.WineZGUI me.proton.Pass net.davidotek.pupgui2 org.dupot.easyflatpak org.gnome.FileRoller org.gnome.Loupe org.gnome.TextEditor org.telegram.desktop --assumeyes  --or-update --system

sudo pacman -Syu && sudo pacman -Scc && fc-cache -fv
